BL51 BANKED LINKER/LOCATER V6.22.2.0                                                    03/01/2021  22:52:20  PAGE 1


BL51 BANKED LINKER/LOCATER V6.22.2.0, INVOKED BY:
D:\MDK5ANZHUANGWENJIANJIA\C51\BIN\BL51.EXE .\Objects\STARTUP.obj, .\Objects\main.obj, .\Objects\lcd.obj, .\Objects\menu.
>> obj TO .\Objects\course_design PRINT (.\Listings\course_design.m51) RAMSIZE (256)


MEMORY MODEL: SMALL


INPUT MODULES INCLUDED:
  .\Objects\STARTUP.obj (?C_STARTUP)
  .\Objects\main.obj (MAIN)
  .\Objects\lcd.obj (LCD)
  .\Objects\menu.obj (MENU)
  D:\MDK5ANZHUANGWENJIANJIA\C51\LIB\C51S.LIB (?C_INIT)
  D:\MDK5ANZHUANGWENJIANJIA\C51\LIB\C51S.LIB (?C?COPY)
  D:\MDK5ANZHUANGWENJIANJIA\C51\LIB\C51S.LIB (?C?CLDPTR)
  D:\MDK5ANZHUANGWENJIANJIA\C51\LIB\C51S.LIB (?C?IMUL)
  D:\MDK5ANZHUANGWENJIANJIA\C51\LIB\C51S.LIB (?C?UIDIV)
  D:\MDK5ANZHUANGWENJIANJIA\C51\LIB\C51S.LIB (?C?SIDIV)
  D:\MDK5ANZHUANGWENJIANJIA\C51\LIB\C51S.LIB (PRINTF)
  D:\MDK5ANZHUANGWENJIANJIA\C51\LIB\C51S.LIB (?C?CLDOPTR)
  D:\MDK5ANZHUANGWENJIANJIA\C51\LIB\C51S.LIB (?C?CSTPTR)
  D:\MDK5ANZHUANGWENJIANJIA\C51\LIB\C51S.LIB (?C?PLDIIDATA)
  D:\MDK5ANZHUANGWENJIANJIA\C51\LIB\C51S.LIB (?C?CCASE)
  D:\MDK5ANZHUANGWENJIANJIA\C51\LIB\C51S.LIB (PUTCHAR)


LINK MAP OF MODULE:  .\Objects\course_design (?C_STARTUP)


            TYPE    BASE      LENGTH    RELOCATION   SEGMENT NAME
            -----------------------------------------------------

            * * * * * * *   D A T A   M E M O R Y   * * * * * * *
            REG     0000H     0008H     ABSOLUTE     "REG BANK 0"
            DATA    0008H     0004H     UNIT         ?DT?MAIN
                    000CH     0014H                  *** GAP ***
            BIT     0020H.0   0001H.1   UNIT         _BIT_GROUP_
                    0021H.1   0000H.7                *** GAP ***
            DATA    0022H     0022H     UNIT         ?DT?MENU
            DATA    0044H     001EH     UNIT         _DATA_GROUP_
            IDATA   0062H     0001H     UNIT         ?STACK

            * * * * * * *   C O D E   M E M O R Y   * * * * * * *
            CODE    0000H     0003H     ABSOLUTE     
            CODE    0003H     0017H     UNIT         ?PR?KEY_SCAN?MENU
                    001AH     0001H                  *** GAP ***
            CODE    001BH     0003H     ABSOLUTE     
            CODE    001EH     03EBH     UNIT         ?PR?SET_DATE?MENU
            CODE    0409H     035CH     UNIT         ?PR?PRINTF?PRINTF
            CODE    0765H     0221H     UNIT         ?C?LIB_CODE
            CODE    0986H     01C4H     UNIT         ?PR?BEEP_TIME?MENU
            CODE    0B4AH     017DH     UNIT         ?PR?DISPLAY_NOW_DATE?MAIN
            CODE    0CC7H     0151H     UNIT         ?PR?CHANGE_NOW_DATE_TIME?MAIN
            CODE    0E18H     0112H     UNIT         ?PR?UPDATE_TODAY?MENU
            CODE    0F2AH     00DEH     UNIT         ?PR?REFRESH_DISPLAY?MENU
            CODE    1008H     00B3H     UNIT         ?PR?TM1_INTERRUPT?MAIN
            CODE    10BBH     008CH     UNIT         ?C_C51STARTUP
BL51 BANKED LINKER/LOCATER V6.22.2.0                                                  03/01/2021  22:52:20  PAGE 2


            CODE    1147H     0088H     UNIT         ?PR?MAIN?MAIN
            CODE    11CFH     005DH     UNIT         ?PR?SET_MOUNTH_DAYS?MENU
            CODE    122CH     0045H     UNIT         ?CO?MAIN
            CODE    1271H     0034H     UNIT         ?PR?MENU_LIST?MENU
            CODE    12A5H     0033H     UNIT         ?C_INITSEG
            CODE    12D8H     0032H     UNIT         ?CO?MENU
            CODE    130AH     002CH     UNIT         ?PR?_LCD_POS?LCD
            CODE    1336H     0027H     UNIT         ?PR?PUTCHAR?PUTCHAR
            CODE    135DH     0026H     UNIT         ?PR?LCD_INIT?LCD
            CODE    1383H     0026H     UNIT         ?PR?_PRINTF_STR?LCD
            CODE    13A9H     0025H     UNIT         ?PR?_DELAY?LCD
            CODE    13CEH     001CH     UNIT         ?PR?_LCD_WCMD?LCD
            CODE    13EAH     001AH     UNIT         ?PR?_LCD_WDAT?LCD
            CODE    1404H     0014H     UNIT         ?PR?LCD_BUSY?LCD
            CODE    1418H     000CH     UNIT         ?PR?TIMER1INIT?MAIN
            CODE    1424H     0009H     UNIT         ?PR?KEY_INIT?MENU



OVERLAY MAP OF MODULE:   .\Objects\course_design (?C_STARTUP)


SEGMENT                                  BIT_GROUP          DATA_GROUP 
  +--> CALLED SEGMENT                 START    LENGTH     START    LENGTH
-------------------------------------------------------------------------
?C_C51STARTUP                         -----    -----      -----    -----
  +--> ?PR?MAIN?MAIN
  +--> ?C_INITSEG

?PR?MAIN?MAIN                         -----    -----      -----    -----
  +--> ?PR?KEY_INIT?MENU
  +--> ?PR?LCD_INIT?LCD
  +--> ?PR?TIMER1INIT?MAIN
  +--> ?CO?MAIN
  +--> ?PR?_PRINTF_STR?LCD
  +--> ?PR?_DELAY?LCD
  +--> ?PR?_LCD_WCMD?LCD
  +--> ?PR?MENU_LIST?MENU
  +--> ?PR?DISPLAY_NOW_DATE?MAIN

?PR?LCD_INIT?LCD                      -----    -----      -----    -----
  +--> ?PR?_LCD_WCMD?LCD
  +--> ?PR?_DELAY?LCD

?PR?_LCD_WCMD?LCD                     -----    -----      -----    -----
  +--> ?PR?LCD_BUSY?LCD

?PR?LCD_BUSY?LCD                      0020H.0  0000H.1    -----    -----

?PR?_DELAY?LCD                        -----    -----      0044H    0001H

?PR?_PRINTF_STR?LCD                   -----    -----      004EH    0003H
  +--> ?PR?_LCD_POS?LCD
  +--> ?PR?_LCD_WDAT?LCD

?PR?_LCD_POS?LCD                      -----    -----      -----    -----
  +--> ?PR?_LCD_WCMD?LCD
BL51 BANKED LINKER/LOCATER V6.22.2.0                                                  03/01/2021  22:52:20  PAGE 3



?PR?_LCD_WDAT?LCD                     -----    -----      -----    -----
  +--> ?PR?LCD_BUSY?LCD

?PR?MENU_LIST?MENU                    -----    -----      -----    -----
  +--> ?PR?KEY_SCAN?MENU
  +--> ?PR?_LCD_WCMD?LCD
  +--> ?PR?SET_DATE?MENU
  +--> ?PR?BEEP_TIME?MENU
  +--> ?PR?UPDATE_TODAY?MENU

?PR?KEY_SCAN?MENU                     0020H.0  0000H.1    -----    -----
  +--> ?PR?_DELAY?LCD

?PR?SET_DATE?MENU                     -----    -----      -----    -----
  +--> ?CO?MENU
  +--> ?PR?_PRINTF_STR?LCD
  +--> ?PR?PRINTF?PRINTF
  +--> ?PR?KEY_SCAN?MENU
  +--> ?PR?SET_MOUNTH_DAYS?MENU
  +--> ?PR?REFRESH_DISPLAY?MENU

?PR?PRINTF?PRINTF                     0020H.0  0001H.1    004EH    0014H
  +--> ?PR?PUTCHAR?PUTCHAR

?PR?REFRESH_DISPLAY?MENU              -----    -----      -----    -----
  +--> ?CO?MENU
  +--> ?PR?PRINTF?PRINTF
  +--> ?PR?_PRINTF_STR?LCD

?PR?BEEP_TIME?MENU                    -----    -----      -----    -----
  +--> ?CO?MENU
  +--> ?PR?_PRINTF_STR?LCD
  +--> ?PR?PRINTF?PRINTF
  +--> ?PR?KEY_SCAN?MENU

?PR?DISPLAY_NOW_DATE?MAIN             -----    -----      0044H    000AH
  +--> ?CO?MAIN
  +--> ?PR?_PRINTF_STR?LCD
  +--> ?PR?PRINTF?PRINTF

*** NEW ROOT ***************************************************

?PR?TM1_INTERRUPT?MAIN                -----    -----      -----    -----
  +--> ?PR?CHANGE_NOW_DATE_TIME?MAIN



SYMBOL TABLE OF MODULE:  .\Objects\course_design (?C_STARTUP)

  VALUE           TYPE          NAME
  ----------------------------------

  -------         MODULE        ?C_STARTUP
  C:10BBH         SEGMENT       ?C_C51STARTUP
  I:0062H         SEGMENT       ?STACK
  C:0000H         PUBLIC        ?C_STARTUP
BL51 BANKED LINKER/LOCATER V6.22.2.0                                                  03/01/2021  22:52:20  PAGE 4


  D:00E0H         SYMBOL        ACC
  D:00F0H         SYMBOL        B
  D:0083H         SYMBOL        DPH
  D:0082H         SYMBOL        DPL
  N:0000H         SYMBOL        IBPSTACK
  N:0100H         SYMBOL        IBPSTACKTOP
  N:0080H         SYMBOL        IDATALEN
  C:10BEH         SYMBOL        IDATALOOP
  N:0000H         SYMBOL        PBPSTACK
  N:0100H         SYMBOL        PBPSTACKTOP
  N:0000H         SYMBOL        PDATALEN
  N:0000H         SYMBOL        PDATASTART
  N:0000H         SYMBOL        PPAGE
  N:0000H         SYMBOL        PPAGEENABLE
  D:00A0H         SYMBOL        PPAGE_SFR
  D:0081H         SYMBOL        SP
  C:10BBH         SYMBOL        STARTUP1
  N:0000H         SYMBOL        XBPSTACK
  N:0000H         SYMBOL        XBPSTACKTOP
  N:0000H         SYMBOL        XDATALEN
  N:0000H         SYMBOL        XDATASTART
  C:0000H         LINE#         126
  C:10BBH         LINE#         133
  C:10BDH         LINE#         134
  C:10BEH         LINE#         135
  C:10BFH         LINE#         136
  C:10C1H         LINE#         185
  C:10C4H         LINE#         196
  -------         ENDMOD        ?C_STARTUP

  -------         MODULE        MAIN
  C:0000H         SYMBOL        _ICE_DUMMY_
  D:0090H         PUBLIC        P1
  D:00A0H         PUBLIC        P2
  D:00B0H         PUBLIC        P3
  B:00A8H.7       PUBLIC        EA
  D:00A8H         PUBLIC        IE
  D:00B8H         PUBLIC        IP
  B:00A0H.5       PUBLIC        beep
  C:1147H         PUBLIC        main
  C:0B4AH         PUBLIC        display_now_date
  D:0008H         SYMBOL        count_times
  C:0CC7H         PUBLIC        change_now_date_time
  D:0098H         PUBLIC        SCON
  D:0089H         PUBLIC        TMOD
  D:0088H         PUBLIC        TCON
  C:1267H         SYMBOL        _?ix1000
  D:000AH         SYMBOL        hour_beep_times
  B:00A8H.3       PUBLIC        ET1
  C:1418H         PUBLIC        Timer1Init
  D:008DH         PUBLIC        TH1
  D:008BH         PUBLIC        TL1
  B:0088H.6       PUBLIC        TR1
  C:1008H         PUBLIC        tm1_interrupt
  D:00C8H         PUBLIC        T2CON
  D:00D0H         PUBLIC        PSW
  -------         PROC          TM1_INTERRUPT
BL51 BANKED LINKER/LOCATER V6.22.2.0                                                  03/01/2021  22:52:20  PAGE 5


  C:1008H         LINE#         26
  C:1025H         LINE#         28
  C:1028H         LINE#         29
  C:102BH         LINE#         31
  C:1036H         LINE#         32
  C:103EH         LINE#         33
  C:1048H         LINE#         34
  C:104CH         LINE#         35
  C:104FH         LINE#         36
  C:105BH         LINE#         38
  C:1063H         LINE#         39
  C:1069H         LINE#         40
  C:1074H         LINE#         41
  C:107CH         LINE#         43
  C:107FH         LINE#         44
  C:107FH         LINE#         45
  C:1083H         LINE#         46
  C:109DH         LINE#         48
  C:10A0H         LINE#         49
  C:10A0H         LINE#         50
  C:10A0H         LINE#         51
  C:10A0H         LINE#         52
  -------         ENDPROC       TM1_INTERRUPT
  -------         PROC          MAIN
  C:1147H         LINE#         54
  C:1147H         LINE#         55
  C:1147H         LINE#         56
  C:1149H         LINE#         57
  C:114CH         LINE#         58
  C:114FH         LINE#         59
  C:1152H         LINE#         60
  C:115FH         LINE#         61
  C:1166H         LINE#         62
  C:116BH         LINE#         64
  C:116DH         LINE#         65
  C:116FH         LINE#         67
  C:116FH         LINE#         68
  C:116FH         LINE#         70
  C:1172H         LINE#         71
  C:1178H         LINE#         73
  C:117BH         LINE#         76
  C:1182H         LINE#         78
  C:1184H         LINE#         80
  C:118CH         LINE#         82
  C:118EH         LINE#         84
  C:118EH         LINE#         87
  C:1194H         LINE#         88
  C:11A4H         LINE#         89
  C:11A6H         LINE#         90
  C:11AEH         LINE#         91
  C:11B6H         LINE#         93
  C:11B8H         LINE#         94
  C:11BDH         LINE#         96
  C:11C3H         LINE#         97
  C:11C5H         LINE#         98
  C:11CDH         LINE#         99
  C:11CDH         LINE#         100
BL51 BANKED LINKER/LOCATER V6.22.2.0                                                  03/01/2021  22:52:20  PAGE 6


  C:11CDH         LINE#         101
  C:11CDH         LINE#         102
  -------         ENDPROC       MAIN
  -------         PROC          TIMER1INIT
  C:1418H         LINE#         105
  C:1418H         LINE#         106
  C:141BH         LINE#         108
  C:141EH         LINE#         109
  C:1421H         LINE#         111
  C:1423H         LINE#         115
  -------         ENDPROC       TIMER1INIT
  -------         PROC          DISPLAY_NOW_DATE
  -------         DO            
  D:0044H         SYMBOL        str
  -------         ENDDO         
  C:0B4AH         LINE#         116
  C:0B4AH         LINE#         117
  C:0B5DH         LINE#         118
  C:0B69H         LINE#         120
  C:0B81H         LINE#         121
  C:0B8EH         LINE#         122
  C:0B9BH         LINE#         124
  C:0BB3H         LINE#         125
  C:0BC0H         LINE#         126
  C:0BCDH         LINE#         128
  C:0BE5H         LINE#         129
  C:0BF2H         LINE#         130
  C:0BFFH         LINE#         132
  C:0C17H         LINE#         133
  C:0C24H         LINE#         134
  C:0C31H         LINE#         137
  C:0C49H         LINE#         138
  C:0C56H         LINE#         139
  C:0C63H         LINE#         141
  C:0C7BH         LINE#         142
  C:0C88H         LINE#         143
  C:0C95H         LINE#         145
  C:0CADH         LINE#         146
  C:0CBAH         LINE#         147
  -------         ENDPROC       DISPLAY_NOW_DATE
  -------         PROC          CHANGE_NOW_DATE_TIME
  C:0CC7H         LINE#         150
  C:0CC7H         LINE#         151
  C:0CD2H         LINE#         152
  C:0CDAH         LINE#         153
  C:0CE4H         LINE#         154
  C:0CE8H         LINE#         155
  C:0CE8H         LINE#         156
  C:0CF9H         LINE#         157
  C:0D01H         LINE#         158
  C:0D11H         LINE#         159
  C:0D15H         LINE#         160
  C:0D15H         LINE#         161
  C:0D2CH         LINE#         162
  C:0D34H         LINE#         163
  C:0D4AH         LINE#         164
  C:0D4EH         LINE#         165
BL51 BANKED LINKER/LOCATER V6.22.2.0                                                  03/01/2021  22:52:20  PAGE 7


  C:0D4EH         LINE#         166
  C:0D6BH         LINE#         167
  C:0D73H         LINE#         168
  C:0D91H         LINE#         169
  C:0D97H         LINE#         170
  C:0D97H         LINE#         171
  C:0DBCH         LINE#         172
  C:0DC4H         LINE#         173
  C:0DE8H         LINE#         174
  C:0DEDH         LINE#         175
  C:0DEDH         LINE#         176
  C:0E0FH         LINE#         177
  C:0E17H         LINE#         178
  C:0E17H         LINE#         180
  -------         ENDPROC       CHANGE_NOW_DATE_TIME
  -------         ENDMOD        MAIN

  -------         MODULE        LCD
  C:0000H         SYMBOL        _ICE_DUMMY_
  D:0080H         PUBLIC        P0
  D:0090H         PUBLIC        P1
  D:00A0H         PUBLIC        P2
  D:00B0H         PUBLIC        P3
  D:00A8H         PUBLIC        IE
  C:13ADH         PUBLIC        _delay
  D:00B8H         PUBLIC        IP
  B:00A0H.3       PUBLIC        LCD_PSB
  D:0098H         PUBLIC        SCON
  D:0088H         PUBLIC        TCON
  C:13CEH         PUBLIC        _lcd_wcmd
  C:13EAH         PUBLIC        _lcd_wdat
  B:00A0H.2       PUBLIC        LCD_EN
  C:135DH         PUBLIC        lcd_init
  C:1383H         PUBLIC        _printf_str
  B:00A0H.0       PUBLIC        LCD_RS
  C:1404H         PUBLIC        lcd_busy
  B:00A0H.1       PUBLIC        LCD_RW
  D:00C8H         PUBLIC        T2CON
  C:130AH         PUBLIC        _lcd_pos
  D:00D0H         PUBLIC        PSW
  C:13A9H         SYMBOL        L?0028
  -------         PROC          L?0027
  -------         ENDPROC       L?0027
  C:13A9H         SYMBOL        L?0028
  -------         PROC          _DELAY
  D:0006H         SYMBOL        ms
  -------         DO            
  D:0044H         SYMBOL        i
  -------         ENDDO         
  C:13ADH         LINE#         11
  C:13ADH         LINE#         12
  C:13ADH         LINE#         13
  C:13B7H         LINE#         14
  C:13B7H         LINE#         16
  C:13C5H         LINE#         17
  C:13C5H         LINE#         18
  C:13C6H         LINE#         19
BL51 BANKED LINKER/LOCATER V6.22.2.0                                                  03/01/2021  22:52:20  PAGE 8


  C:13C7H         LINE#         20
  C:13C8H         LINE#         21
  C:13C9H         LINE#         22
  C:13CDH         LINE#         23
  C:13CDH         LINE#         24
  -------         ENDPROC       _DELAY
  -------         PROC          LCD_BUSY
  -------         DO            
  B:0020H.0       SYMBOL        result
  -------         ENDDO         
  C:1404H         LINE#         26
  C:1404H         LINE#         27
  C:1404H         LINE#         29
  C:1406H         LINE#         30
  C:1408H         LINE#         31
  C:140AH         LINE#         32
  C:140EH         LINE#         33
  C:1413H         LINE#         34
  C:1415H         LINE#         35
  C:1417H         LINE#         36
  -------         ENDPROC       LCD_BUSY
  -------         PROC          _LCD_WCMD
  D:0007H         SYMBOL        cmd
  C:13CEH         LINE#         38
  C:13CEH         LINE#         39
  C:13CEH         LINE#         40
  C:13D3H         LINE#         41
  C:13D5H         LINE#         42
  C:13D7H         LINE#         43
  C:13D9H         LINE#         44
  C:13DAH         LINE#         45
  C:13DBH         LINE#         46
  C:13DDH         LINE#         47
  C:13E1H         LINE#         48
  C:13E3H         LINE#         49
  C:13E7H         LINE#         50
  C:13E9H         LINE#         51
  -------         ENDPROC       _LCD_WCMD
  -------         PROC          _LCD_WDAT
  D:0007H         SYMBOL        dat
  C:13EAH         LINE#         53
  C:13EAH         LINE#         54
  C:13EAH         LINE#         55
  C:13EFH         LINE#         56
  C:13F1H         LINE#         57
  C:13F3H         LINE#         58
  C:13F5H         LINE#         59
  C:13F7H         LINE#         60
  C:13FBH         LINE#         61
  C:13FDH         LINE#         62
  C:1401H         LINE#         63
  C:1403H         LINE#         64
  -------         ENDPROC       _LCD_WDAT
  -------         PROC          LCD_INIT
  C:135DH         LINE#         66
  C:135DH         LINE#         67
  C:135DH         LINE#         69
BL51 BANKED LINKER/LOCATER V6.22.2.0                                                  03/01/2021  22:52:20  PAGE 9


  C:135FH         LINE#         71
  C:1364H         LINE#         72
  C:1367H         LINE#         73
  C:136CH         LINE#         74
  C:136FH         LINE#         75
  C:1374H         LINE#         76
  C:1377H         LINE#         77
  C:137CH         LINE#         78
  -------         ENDPROC       LCD_INIT
  -------         PROC          _LCD_POS
  D:0007H         SYMBOL        X
  D:0005H         SYMBOL        Y
  -------         DO            
  D:0007H         SYMBOL        pos
  -------         ENDDO         
  C:130AH         LINE#         81
  C:130AH         LINE#         82
  C:130AH         LINE#         84
  C:1310H         LINE#         85
  C:1314H         LINE#         86
  C:131AH         LINE#         87
  C:131EH         LINE#         88
  C:1324H         LINE#         89
  C:1328H         LINE#         90
  C:132EH         LINE#         91
  C:1330H         LINE#         92
  C:1333H         LINE#         93
  -------         ENDPROC       _LCD_POS
  -------         PROC          _PRINTF_STR
  D:0007H         SYMBOL        x
  D:0005H         SYMBOL        y
  D:004EH         SYMBOL        p
  C:1383H         LINE#         95
  C:1389H         LINE#         96
  C:138CH         LINE#         97
  C:1398H         LINE#         98
  C:1398H         LINE#         99
  C:139BH         LINE#         100
  C:13A6H         LINE#         101
  C:13A8H         LINE#         102
  -------         ENDPROC       _PRINTF_STR
  -------         ENDMOD        LCD

  -------         MODULE        MENU
  C:0000H         SYMBOL        _ICE_DUMMY_
  D:0090H         PUBLIC        P1
  D:00B0H         PUBLIC        P3
  B:00A8H.7       PUBLIC        EA
  C:0E18H         PUBLIC        update_today
  D:00A8H         PUBLIC        IE
  D:00B8H         PUBLIC        IP
  D:0022H         PUBLIC        star_postion
  C:0986H         PUBLIC        beep_time
  B:00B0H.5       PUBLIC        key_break
  D:0098H         PUBLIC        SCON
  D:0088H         PUBLIC        TCON
  B:00B0H.3       PUBLIC        value_down
BL51 BANKED LINKER/LOCATER V6.22.2.0                                                  03/01/2021  22:52:20  PAGE 10


  B:00A8H.1       PUBLIC        ET0
  C:001EH         PUBLIC        set_date
  C:0F2AH         PUBLIC        refresh_display
  C:0007H         PUBLIC        key_scan
  C:1271H         PUBLIC        menu_list
  D:0023H         PUBLIC        str
  C:11CFH         PUBLIC        set_mounth_days
  C:1424H         PUBLIC        key_init
  B:00B0H.4       PUBLIC        value_up
  B:00B0H.2       PUBLIC        key_star
  D:002DH         PUBLIC        my_date
  D:00C8H         PUBLIC        T2CON
  D:003EH         PUBLIC        my_beep_time
  D:00D0H         PUBLIC        PSW
  -------         PROC          KEY_INIT
  C:1424H         LINE#         44
  C:1424H         LINE#         45
  C:1426H         LINE#         46
  C:1428H         LINE#         47
  C:142AH         LINE#         48
  C:142CH         LINE#         49
  -------         ENDPROC       KEY_INIT
  C:0003H         SYMBOL        L?0160
  -------         PROC          L?0159
  -------         ENDPROC       L?0159
  C:0003H         SYMBOL        L?0160
  -------         PROC          KEY_SCAN
  B:0020H.0       SYMBOL        key
  C:0007H         LINE#         50
  C:0007H         LINE#         51
  C:000AH         LINE#         52
  C:000AH         LINE#         54
  C:0011H         LINE#         55
  C:0014H         LINE#         56
  C:0017H         LINE#         57
  C:0017H         LINE#         58
  C:0019H         LINE#         59
  -------         ENDPROC       KEY_SCAN
  -------         PROC          REFRESH_DISPLAY
  C:0F2AH         LINE#         60
  C:0F2AH         LINE#         61
  C:0F42H         LINE#         62
  C:0F4FH         LINE#         63
  C:0F67H         LINE#         64
  C:0F74H         LINE#         65
  C:0F8CH         LINE#         66
  C:0F99H         LINE#         68
  C:0FB1H         LINE#         69
  C:0FBEH         LINE#         70
  C:0FD6H         LINE#         71
  C:0FE3H         LINE#         72
  C:0FFBH         LINE#         73
  -------         ENDPROC       REFRESH_DISPLAY
  -------         PROC          SET_MOUNTH_DAYS
  -------         DO            
  D:0007H         SYMBOL        mounth_flag
  -------         ENDDO         
BL51 BANKED LINKER/LOCATER V6.22.2.0                                                  03/01/2021  22:52:20  PAGE 11


  C:11CFH         LINE#         76
  C:11CFH         LINE#         82
  C:11D1H         LINE#         83
  C:11DCH         LINE#         84
  C:11E1H         LINE#         86
  C:11E2H         LINE#         87
  C:11ECH         LINE#         89
  C:11EEH         LINE#         90
  C:11F0H         LINE#         92
  C:11F2H         LINE#         93
  C:11F2H         LINE#         94
  C:11F4H         LINE#         95
  C:11F9H         LINE#         97
  C:11FBH         LINE#         98
  C:11FDH         LINE#         100
  C:11FFH         LINE#         101
  C:11FFH         LINE#         102
  C:11FFH         LINE#         103
  C:120BH         LINE#         104
  C:120BH         LINE#         105
  C:120BH         LINE#         107
  C:1211H         LINE#         108
  C:1212H         LINE#         109
  C:1212H         LINE#         111
  C:1218H         LINE#         113
  C:121DH         LINE#         114
  C:121EH         LINE#         116
  C:1224H         LINE#         117
  C:1224H         LINE#         118
  C:1225H         LINE#         119
  C:1225H         LINE#         121
  C:122BH         LINE#         122
  C:122BH         LINE#         123
  C:122BH         LINE#         124
  C:122BH         LINE#         125
  C:122BH         LINE#         126
  -------         ENDPROC       SET_MOUNTH_DAYS
  -------         PROC          SET_DATE
  C:001EH         LINE#         127
  C:001EH         LINE#         128
  C:002AH         LINE#         129
  C:0037H         LINE#         130
  C:004FH         LINE#         131
  C:005CH         LINE#         132
  C:0069H         LINE#         133
  C:0081H         LINE#         134
  C:008EH         LINE#         135
  C:009BH         LINE#         136
  C:00B3H         LINE#         137
  C:00C0H         LINE#         139
  C:00CDH         LINE#         140
  C:00E5H         LINE#         141
  C:00F2H         LINE#         142
  C:00FFH         LINE#         143
  C:0117H         LINE#         144
  C:0124H         LINE#         145
  C:0131H         LINE#         146
BL51 BANKED LINKER/LOCATER V6.22.2.0                                                  03/01/2021  22:52:20  PAGE 12


  C:0149H         LINE#         147
  C:0156H         LINE#         149
  C:0163H         LINE#         151
  C:0166H         LINE#         152
  C:0166H         LINE#         153
  C:0166H         LINE#         156
  C:0173H         LINE#         157
  C:017EH         LINE#         158
  C:0188H         LINE#         159
  C:0195H         LINE#         160
  C:01A5H         LINE#         161
  C:01A5H         LINE#         162
  C:01B3H         LINE#         163
  C:01B7H         LINE#         164
  C:01BDH         LINE#         165
  C:01C0H         LINE#         167
  C:01CBH         LINE#         168
  C:01D5H         LINE#         169
  C:01E2H         LINE#         170
  C:01F2H         LINE#         171
  C:01F2H         LINE#         172
  C:01F2H         LINE#         177
  C:0215H         LINE#         178
  C:0218H         LINE#         179
  C:021AH         LINE#         180
  C:021DH         LINE#         181
  C:021DH         LINE#         183
  C:0220H         LINE#         186
  C:0229H         LINE#         187
  C:0248H         LINE#         188
  C:0248H         LINE#         190
  C:0248H         LINE#         192
  C:0250H         LINE#         193
  C:0253H         LINE#         194
  C:0253H         LINE#         196
  C:025BH         LINE#         197
  C:0260H         LINE#         198
  C:0271H         LINE#         199
  C:0279H         LINE#         200
  C:0279H         LINE#         201
  C:027CH         LINE#         202
  C:027CH         LINE#         205
  C:0286H         LINE#         206
  C:028CH         LINE#         207
  C:029DH         LINE#         208
  C:02A5H         LINE#         209
  C:02A5H         LINE#         210
  C:02A8H         LINE#         212
  C:02A8H         LINE#         214
  C:02B0H         LINE#         215
  C:02B4H         LINE#         216
  C:02C5H         LINE#         217
  C:02CDH         LINE#         218
  C:02CDH         LINE#         219
  C:02D0H         LINE#         220
  C:02D0H         LINE#         222
  C:02D8H         LINE#         223
BL51 BANKED LINKER/LOCATER V6.22.2.0                                                  03/01/2021  22:52:20  PAGE 13


  C:02DCH         LINE#         224
  C:02EAH         LINE#         225
  C:02F2H         LINE#         226
  C:02F2H         LINE#         227
  C:02F5H         LINE#         228
  C:02F5H         LINE#         230
  C:02FDH         LINE#         231
  C:0301H         LINE#         232
  C:030FH         LINE#         233
  C:0317H         LINE#         234
  C:0317H         LINE#         235
  C:0317H         LINE#         236
  C:0317H         LINE#         237
  C:0317H         LINE#         238
  C:0317H         LINE#         239
  C:0317H         LINE#         240
  C:0327H         LINE#         241
  C:0346H         LINE#         242
  C:0346H         LINE#         243
  C:0346H         LINE#         245
  C:034CH         LINE#         246
  C:0352H         LINE#         247
  C:0355H         LINE#         248
  C:0355H         LINE#         249
  C:035DH         LINE#         250
  C:035DH         LINE#         251
  C:0360H         LINE#         252
  C:0360H         LINE#         253
  C:0368H         LINE#         254
  C:036DH         LINE#         255
  C:0370H         LINE#         256
  C:0370H         LINE#         257
  C:0378H         LINE#         258
  C:0378H         LINE#         259
  C:037AH         LINE#         260
  C:037AH         LINE#         261
  C:0382H         LINE#         262
  C:0388H         LINE#         263
  C:038AH         LINE#         264
  C:038AH         LINE#         265
  C:0392H         LINE#         266
  C:0392H         LINE#         267
  C:0394H         LINE#         269
  C:0394H         LINE#         271
  C:039FH         LINE#         272
  C:03A7H         LINE#         273
  C:03AFH         LINE#         274
  C:03B4H         LINE#         275
  C:03B4H         LINE#         276
  C:03B6H         LINE#         277
  C:03B6H         LINE#         279
  C:03C1H         LINE#         280
  C:03C9H         LINE#         281
  C:03CBH         LINE#         282
  C:03D1H         LINE#         283
  C:03D6H         LINE#         284
  C:03D6H         LINE#         285
BL51 BANKED LINKER/LOCATER V6.22.2.0                                                  03/01/2021  22:52:20  PAGE 14


  C:03D8H         LINE#         286
  C:03D8H         LINE#         288
  C:03E3H         LINE#         289
  C:03EBH         LINE#         290
  C:03F3H         LINE#         291
  C:03F8H         LINE#         292
  C:03F8H         LINE#         293
  C:03F8H         LINE#         294
  C:03F8H         LINE#         295
  C:03F8H         LINE#         296
  C:03F8H         LINE#         297
  C:03FBH         LINE#         298
  C:03FBH         LINE#         299
  C:0408H         LINE#         300
  C:0408H         LINE#         301
  C:0408H         LINE#         302
  C:0408H         LINE#         305
  -------         ENDPROC       SET_DATE
  -------         PROC          BEEP_TIME
  C:0986H         LINE#         306
  C:0986H         LINE#         307
  C:0992H         LINE#         309
  C:099FH         LINE#         310
  C:09B7H         LINE#         311
  C:09C4H         LINE#         312
  C:09D1H         LINE#         313
  C:09E9H         LINE#         314
  C:09F6H         LINE#         316
  C:09F9H         LINE#         317
  C:0A06H         LINE#         318
  C:0A06H         LINE#         319
  C:0A06H         LINE#         322
  C:0A10H         LINE#         323
  C:0A1DH         LINE#         324
  C:0A26H         LINE#         325
  C:0A2AH         LINE#         326
  C:0A30H         LINE#         327
  C:0A33H         LINE#         328
  C:0A40H         LINE#         329
  C:0A40H         LINE#         331
  C:0A46H         LINE#         332
  C:0A4FH         LINE#         333
  C:0A4FH         LINE#         334
  C:0A4FH         LINE#         336
  C:0A57H         LINE#         337
  C:0A5BH         LINE#         338
  C:0A69H         LINE#         339
  C:0A71H         LINE#         340
  C:0A71H         LINE#         341
  C:0A73H         LINE#         342
  C:0A73H         LINE#         344
  C:0A7BH         LINE#         345
  C:0A7FH         LINE#         346
  C:0A8CH         LINE#         347
  C:0A94H         LINE#         348
  C:0A94H         LINE#         349
  C:0A94H         LINE#         350
BL51 BANKED LINKER/LOCATER V6.22.2.0                                                  03/01/2021  22:52:20  PAGE 15


  C:0A94H         LINE#         351
  C:0A94H         LINE#         352
  C:0A94H         LINE#         354
  C:0A94H         LINE#         355
  C:0A94H         LINE#         356
  C:0A94H         LINE#         357
  C:0A94H         LINE#         358
  C:0AA3H         LINE#         359
  C:0AACH         LINE#         360
  C:0AACH         LINE#         361
  C:0AACH         LINE#         362
  C:0AB7H         LINE#         363
  C:0ABFH         LINE#         364
  C:0AC7H         LINE#         365
  C:0ACCH         LINE#         366
  C:0ACCH         LINE#         367
  C:0ACEH         LINE#         368
  C:0ACEH         LINE#         370
  C:0AD9H         LINE#         371
  C:0AE1H         LINE#         372
  C:0AE3H         LINE#         373
  C:0AE9H         LINE#         374
  C:0AEEH         LINE#         375
  C:0AEEH         LINE#         376
  C:0AEEH         LINE#         377
  C:0AEEH         LINE#         378
  C:0AEEH         LINE#         379
  C:0AEEH         LINE#         381
  C:0B06H         LINE#         382
  C:0B13H         LINE#         383
  C:0B2BH         LINE#         384
  C:0B38H         LINE#         385
  C:0B38H         LINE#         386
  C:0B45H         LINE#         387
  C:0B45H         LINE#         388
  C:0B45H         LINE#         389
  C:0B45H         LINE#         390
  C:0B47H         LINE#         391
  C:0B49H         LINE#         392
  -------         ENDPROC       BEEP_TIME
  -------         PROC          MENU_LIST
  C:1271H         LINE#         393
  C:1271H         LINE#         394
  C:127BH         LINE#         395
  C:127DH         LINE#         396
  C:127FH         LINE#         397
  C:1284H         LINE#         398
  C:1287H         LINE#         399
  C:128CH         LINE#         402
  C:1291H         LINE#         403
  C:1294H         LINE#         404
  C:1299H         LINE#         406
  C:129CH         LINE#         407
  C:12A2H         LINE#         409
  C:12A4H         LINE#         410
  C:12A4H         LINE#         412
  -------         ENDPROC       MENU_LIST
BL51 BANKED LINKER/LOCATER V6.22.2.0                                                  03/01/2021  22:52:20  PAGE 16


  -------         PROC          UPDATE_TODAY
  C:0E18H         LINE#         415
  C:0E18H         LINE#         416
  C:0E2BH         LINE#         417
  C:0EABH         LINE#         418
  C:0EADH         LINE#         419
  C:0F29H         LINE#         420
  C:0F29H         LINE#         421
  -------         ENDPROC       UPDATE_TODAY
  -------         ENDMOD        MENU

  -------         MODULE        ?C?COPY
  C:0835H         PUBLIC        ?C?COPY
  -------         ENDMOD        ?C?COPY

  -------         MODULE        ?C?CLDPTR
  C:085BH         PUBLIC        ?C?CLDPTR
  -------         ENDMOD        ?C?CLDPTR

  -------         MODULE        ?C?IMUL
  C:0874H         PUBLIC        ?C?IMUL
  -------         ENDMOD        ?C?IMUL

  -------         MODULE        ?C?UIDIV
  C:0886H         PUBLIC        ?C?UIDIV
  -------         ENDMOD        ?C?UIDIV

  -------         MODULE        ?C?SIDIV
  C:08DBH         PUBLIC        ?C?SIDIV
  -------         ENDMOD        ?C?SIDIV

  -------         MODULE        PRINTF
  D:004EH         PUBLIC        ?_PRINTF517?BYTE
  D:004EH         PUBLIC        ?_PRINTF?BYTE
  D:004EH         PUBLIC        ?_SPRINTF517?BYTE
  D:004EH         PUBLIC        ?_SPRINTF?BYTE
  C:046BH         PUBLIC        _PRINTF
  C:046BH         PUBLIC        _PRINTF517
  C:0465H         PUBLIC        _SPRINTF
  C:0465H         PUBLIC        _SPRINTF517
  -------         ENDMOD        PRINTF

  -------         MODULE        ?C?CLDOPTR
  C:0911H         PUBLIC        ?C?CLDOPTR
  -------         ENDMOD        ?C?CLDOPTR

  -------         MODULE        ?C?CSTPTR
  C:093EH         PUBLIC        ?C?CSTPTR
  -------         ENDMOD        ?C?CSTPTR

  -------         MODULE        ?C?PLDIIDATA
  C:0950H         PUBLIC        ?C?PLDIIDATA
  -------         ENDMOD        ?C?PLDIIDATA

  -------         MODULE        ?C?CCASE
  C:0960H         PUBLIC        ?C?CCASE
  -------         ENDMOD        ?C?CCASE
BL51 BANKED LINKER/LOCATER V6.22.2.0                                                  03/01/2021  22:52:20  PAGE 17



  -------         MODULE        PUTCHAR
  C:1336H         PUBLIC        _PUTCHAR
  -------         ENDMOD        PUTCHAR

Program Size: data=78.1 xdata=0 code=5164
LINK/LOCATE RUN COMPLETE.  0 WARNING(S),  0 ERROR(S)
