BL51 BANKED LINKER/LOCATER V6.22.2.0                                                    01/30/2021  00:04:31  PAGE 1


BL51 BANKED LINKER/LOCATER V6.22.2.0, INVOKED BY:
D:\MDK5ANZHUANGWENJIANJIA\C51\BIN\BL51.EXE .\Objects\STARTUP.obj, .\Objects\main.obj, .\Objects\lcd.obj, .\Objects\menu.
>> obj TO .\Objects\course_design PRINT (.\Listings\course_design.m51) RAMSIZE (256)


MEMORY MODEL: SMALL


INPUT MODULES INCLUDED:
  .\Objects\STARTUP.obj (?C_STARTUP)
  .\Objects\main.obj (MAIN)
  .\Objects\lcd.obj (LCD)
  .\Objects\menu.obj (MENU)
  D:\MDK5ANZHUANGWENJIANJIA\C51\LIB\C51S.LIB (?C_INIT)
  D:\MDK5ANZHUANGWENJIANJIA\C51\LIB\C51S.LIB (?C?COPY)
  D:\MDK5ANZHUANGWENJIANJIA\C51\LIB\C51S.LIB (?C?CLDPTR)
  D:\MDK5ANZHUANGWENJIANJIA\C51\LIB\C51S.LIB (?C?IMUL)
  D:\MDK5ANZHUANGWENJIANJIA\C51\LIB\C51S.LIB (?C?UIDIV)
  D:\MDK5ANZHUANGWENJIANJIA\C51\LIB\C51S.LIB (?C?SIDIV)
  D:\MDK5ANZHUANGWENJIANJIA\C51\LIB\C51S.LIB (PRINTF)
  D:\MDK5ANZHUANGWENJIANJIA\C51\LIB\C51S.LIB (?C?CLDOPTR)
  D:\MDK5ANZHUANGWENJIANJIA\C51\LIB\C51S.LIB (?C?CSTPTR)
  D:\MDK5ANZHUANGWENJIANJIA\C51\LIB\C51S.LIB (?C?PLDIIDATA)
  D:\MDK5ANZHUANGWENJIANJIA\C51\LIB\C51S.LIB (?C?CCASE)
  D:\MDK5ANZHUANGWENJIANJIA\C51\LIB\C51S.LIB (PUTCHAR)


LINK MAP OF MODULE:  .\Objects\course_design (?C_STARTUP)


            TYPE    BASE      LENGTH    RELOCATION   SEGMENT NAME
            -----------------------------------------------------

            * * * * * * *   D A T A   M E M O R Y   * * * * * * *
            REG     0000H     0008H     ABSOLUTE     "REG BANK 0"
            REG     0008H     0008H     ABSOLUTE     "REG BANK 1"
            DATA    0010H     0004H     UNIT         ?DT?MAIN
                    0014H     000CH                  *** GAP ***
            BIT     0020H.0   0001H.1   UNIT         _BIT_GROUP_
                    0021H.1   0000H.7                *** GAP ***
            DATA    0022H     0022H     UNIT         ?DT?MENU
            DATA    0044H     001EH     UNIT         _DATA_GROUP_
            IDATA   0062H     0001H     UNIT         ?STACK

            * * * * * * *   C O D E   M E M O R Y   * * * * * * *
            CODE    0000H     0003H     ABSOLUTE     
                    0003H     0008H                  *** GAP ***
            CODE    000BH     0003H     ABSOLUTE     
            CODE    000EH     0419H     UNIT         ?PR?SET_DATE?MENU
            CODE    0427H     035CH     UNIT         ?PR?PRINTF?PRINTF
            CODE    0783H     0221H     UNIT         ?C?LIB_CODE
            CODE    09A4H     01C4H     UNIT         ?PR?BEEP_TIME?MENU
            CODE    0B68H     017DH     UNIT         ?PR?DISPLAY_NOW_DATE?MAIN
            CODE    0CE5H     0151H     UNIT         ?PR?CHANGE_NOW_DATE_TIME?MAIN
            CODE    0E36H     012DH     UNIT         ?PR?UPDATE_TODAY?MAIN
            CODE    0F63H     00DEH     UNIT         ?PR?REFRESH_DISPLAY?MENU
            CODE    1041H     008CH     UNIT         ?C_C51STARTUP
            CODE    10CDH     0088H     UNIT         ?PR?MAIN?MAIN
BL51 BANKED LINKER/LOCATER V6.22.2.0                                                  01/30/2021  00:04:31  PAGE 2


            CODE    1155H     0079H     UNIT         ?PR?TM0_ISR?MAIN
            CODE    11CEH     005DH     UNIT         ?PR?SET_MOUNTH_DAYS?MENU
            CODE    122BH     0044H     UNIT         ?CO?MAIN
            CODE    126FH     0033H     UNIT         ?C_INITSEG
            CODE    12A2H     0032H     UNIT         ?CO?MENU
            CODE    12D4H     0031H     UNIT         ?PR?MENU_LIST?MENU
            CODE    1305H     002CH     UNIT         ?PR?_LCD_POS?LCD
            CODE    1331H     0027H     UNIT         ?PR?PUTCHAR?PUTCHAR
            CODE    1358H     0026H     UNIT         ?PR?LCD_INIT?LCD
            CODE    137EH     0026H     UNIT         ?PR?_PRINTF_STR?LCD
            CODE    13A4H     0025H     UNIT         ?PR?_DELAY?LCD
            CODE    13C9H     001CH     UNIT         ?PR?_LCD_WCMD?LCD
            CODE    13E5H     001AH     UNIT         ?PR?_LCD_WDAT?LCD
            CODE    13FFH     0017H     UNIT         ?PR?KEY_SCAN?MENU
            CODE    1416H     0014H     UNIT         ?PR?LCD_BUSY?LCD
            CODE    142AH     0013H     UNIT         ?PR?UART0INIT?MAIN
            CODE    143DH     000EH     UNIT         ?PR?TIMER0INIT?MAIN
            CODE    144BH     0009H     UNIT         ?PR?KEY_INIT?MENU



OVERLAY MAP OF MODULE:   .\Objects\course_design (?C_STARTUP)


SEGMENT                                  BIT_GROUP          DATA_GROUP 
  +--> CALLED SEGMENT                 START    LENGTH     START    LENGTH
-------------------------------------------------------------------------
?C_C51STARTUP                         -----    -----      -----    -----
  +--> ?PR?MAIN?MAIN
  +--> ?C_INITSEG

?PR?MAIN?MAIN                         -----    -----      -----    -----
  +--> ?PR?KEY_INIT?MENU
  +--> ?PR?LCD_INIT?LCD
  +--> ?PR?TIMER0INIT?MAIN
  +--> ?CO?MAIN
  +--> ?PR?_PRINTF_STR?LCD
  +--> ?PR?_DELAY?LCD
  +--> ?PR?_LCD_WCMD?LCD
  +--> ?PR?MENU_LIST?MENU
  +--> ?PR?DISPLAY_NOW_DATE?MAIN

?PR?LCD_INIT?LCD                      -----    -----      -----    -----
  +--> ?PR?_LCD_WCMD?LCD
  +--> ?PR?_DELAY?LCD

?PR?_LCD_WCMD?LCD                     -----    -----      -----    -----
  +--> ?PR?LCD_BUSY?LCD

?PR?LCD_BUSY?LCD                      0020H.0  0000H.1    -----    -----

?PR?_DELAY?LCD                        -----    -----      0044H    0001H

?PR?_PRINTF_STR?LCD                   -----    -----      004EH    0003H
  +--> ?PR?_LCD_POS?LCD
  +--> ?PR?_LCD_WDAT?LCD

BL51 BANKED LINKER/LOCATER V6.22.2.0                                                  01/30/2021  00:04:31  PAGE 3


?PR?_LCD_POS?LCD                      -----    -----      -----    -----
  +--> ?PR?_LCD_WCMD?LCD

?PR?_LCD_WDAT?LCD                     -----    -----      -----    -----
  +--> ?PR?LCD_BUSY?LCD

?PR?MENU_LIST?MENU                    -----    -----      -----    -----
  +--> ?PR?KEY_SCAN?MENU
  +--> ?PR?_LCD_WCMD?LCD
  +--> ?PR?SET_DATE?MENU
  +--> ?PR?BEEP_TIME?MENU

?PR?KEY_SCAN?MENU                     0020H.0  0000H.1    -----    -----
  +--> ?PR?_DELAY?LCD

?PR?SET_DATE?MENU                     -----    -----      -----    -----
  +--> ?CO?MENU
  +--> ?PR?_PRINTF_STR?LCD
  +--> ?PR?PRINTF?PRINTF
  +--> ?PR?KEY_SCAN?MENU
  +--> ?PR?SET_MOUNTH_DAYS?MENU
  +--> ?PR?REFRESH_DISPLAY?MENU

?PR?PRINTF?PRINTF                     0020H.0  0001H.1    004EH    0014H
  +--> ?PR?PUTCHAR?PUTCHAR

?PR?REFRESH_DISPLAY?MENU              -----    -----      -----    -----
  +--> ?CO?MENU
  +--> ?PR?PRINTF?PRINTF
  +--> ?PR?_PRINTF_STR?LCD

?PR?BEEP_TIME?MENU                    -----    -----      -----    -----
  +--> ?CO?MENU
  +--> ?PR?_PRINTF_STR?LCD
  +--> ?PR?PRINTF?PRINTF
  +--> ?PR?KEY_SCAN?MENU

?PR?DISPLAY_NOW_DATE?MAIN             -----    -----      0044H    000AH
  +--> ?CO?MAIN
  +--> ?PR?_PRINTF_STR?LCD
  +--> ?PR?PRINTF?PRINTF

*** NEW ROOT ***************************************************

?PR?TM0_ISR?MAIN                      -----    -----      -----    -----
  +--> ?PR?CHANGE_NOW_DATE_TIME?MAIN
  +--> ?PR?UPDATE_TODAY?MAIN



SYMBOL TABLE OF MODULE:  .\Objects\course_design (?C_STARTUP)

  VALUE           TYPE          NAME
  ----------------------------------

  -------         MODULE        ?C_STARTUP
  C:1041H         SEGMENT       ?C_C51STARTUP
BL51 BANKED LINKER/LOCATER V6.22.2.0                                                  01/30/2021  00:04:31  PAGE 4


  I:0062H         SEGMENT       ?STACK
  C:0000H         PUBLIC        ?C_STARTUP
  D:00E0H         SYMBOL        ACC
  D:00F0H         SYMBOL        B
  D:0083H         SYMBOL        DPH
  D:0082H         SYMBOL        DPL
  N:0000H         SYMBOL        IBPSTACK
  N:0100H         SYMBOL        IBPSTACKTOP
  N:0080H         SYMBOL        IDATALEN
  C:1044H         SYMBOL        IDATALOOP
  N:0000H         SYMBOL        PBPSTACK
  N:0100H         SYMBOL        PBPSTACKTOP
  N:0000H         SYMBOL        PDATALEN
  N:0000H         SYMBOL        PDATASTART
  N:0000H         SYMBOL        PPAGE
  N:0000H         SYMBOL        PPAGEENABLE
  D:00A0H         SYMBOL        PPAGE_SFR
  D:0081H         SYMBOL        SP
  C:1041H         SYMBOL        STARTUP1
  N:0000H         SYMBOL        XBPSTACK
  N:0000H         SYMBOL        XBPSTACKTOP
  N:0000H         SYMBOL        XDATALEN
  N:0000H         SYMBOL        XDATASTART
  C:0000H         LINE#         126
  C:1041H         LINE#         133
  C:1043H         LINE#         134
  C:1044H         LINE#         135
  C:1045H         LINE#         136
  C:1047H         LINE#         185
  C:104AH         LINE#         196
  -------         ENDMOD        ?C_STARTUP

  -------         MODULE        MAIN
  C:0000H         SYMBOL        _ICE_DUMMY_
  D:0090H         PUBLIC        P1
  D:00A0H         PUBLIC        P2
  D:00B0H         PUBLIC        P3
  B:00A8H.7       PUBLIC        EA
  C:0E36H         PUBLIC        update_today
  D:00A8H         PUBLIC        IE
  B:00A8H.4       PUBLIC        ES
  D:00B8H         PUBLIC        IP
  B:0098H.1       PUBLIC        TI
  B:00A0H.5       PUBLIC        beep
  C:10CDH         PUBLIC        main
  C:0B68H         PUBLIC        display_now_date
  D:0010H         SYMBOL        count_times
  C:0CE5H         PUBLIC        change_now_date_time
  D:0098H         PUBLIC        SCON
  D:0089H         PUBLIC        TMOD
  D:0088H         PUBLIC        TCON
  C:1155H         PUBLIC        tm0_isr
  C:1265H         SYMBOL        _?ix1000
  D:0012H         SYMBOL        hour_beep_times
  B:00A8H.1       PUBLIC        ET0
  B:0088H.5       PUBLIC        TF0
  C:143DH         PUBLIC        Timer0Init
BL51 BANKED LINKER/LOCATER V6.22.2.0                                                  01/30/2021  00:04:31  PAGE 5


  D:008CH         PUBLIC        TH0
  D:008DH         PUBLIC        TH1
  D:008AH         PUBLIC        TL0
  D:008BH         PUBLIC        TL1
  B:0088H.4       PUBLIC        TR0
  B:0088H.6       PUBLIC        TR1
  C:142AH         PUBLIC        Uart0Init
  D:00C8H         PUBLIC        T2CON
  D:00D0H         PUBLIC        PSW
  -------         PROC          TM0_ISR
  C:1155H         LINE#         22
  C:1162H         LINE#         24
  C:1165H         LINE#         25
  C:1168H         LINE#         26
  C:1173H         LINE#         27
  C:117BH         LINE#         28
  C:1187H         LINE#         29
  C:118DH         LINE#         30
  C:1190H         LINE#         31
  C:1193H         LINE#         33
  C:1193H         LINE#         34
  C:1197H         LINE#         35
  C:11B1H         LINE#         37
  C:11B4H         LINE#         38
  C:11B4H         LINE#         39
  C:11B4H         LINE#         40
  C:11C0H         LINE#         42
  C:11C3H         LINE#         43
  C:11C3H         LINE#         44
  -------         ENDPROC       TM0_ISR
  -------         PROC          MAIN
  C:10CDH         LINE#         46
  C:10CDH         LINE#         47
  C:10CDH         LINE#         48
  C:10CFH         LINE#         49
  C:10D2H         LINE#         50
  C:10D5H         LINE#         52
  C:10D8H         LINE#         53
  C:10E5H         LINE#         54
  C:10ECH         LINE#         55
  C:10F1H         LINE#         57
  C:10F3H         LINE#         58
  C:10F5H         LINE#         61
  C:10F5H         LINE#         62
  C:10F5H         LINE#         64
  C:10F8H         LINE#         65
  C:10FEH         LINE#         67
  C:1101H         LINE#         68
  C:1108H         LINE#         70
  C:110AH         LINE#         72
  C:1112H         LINE#         74
  C:1114H         LINE#         76
  C:1114H         LINE#         79
  C:111AH         LINE#         80
  C:112AH         LINE#         81
  C:112CH         LINE#         82
  C:1134H         LINE#         83
BL51 BANKED LINKER/LOCATER V6.22.2.0                                                  01/30/2021  00:04:31  PAGE 6


  C:113CH         LINE#         84
  C:113EH         LINE#         85
  C:1143H         LINE#         87
  C:1149H         LINE#         88
  C:114BH         LINE#         89
  C:1153H         LINE#         90
  C:1153H         LINE#         91
  C:1153H         LINE#         92
  C:1153H         LINE#         93
  -------         ENDPROC       MAIN
  -------         PROC          UART0INIT
  C:142AH         LINE#         95
  C:142AH         LINE#         96
  C:142AH         LINE#         97
  C:142DH         LINE#         98
  C:1430H         LINE#         99
  C:1433H         LINE#         100
  C:1436H         LINE#         101
  C:1438H         LINE#         102
  C:143AH         LINE#         103
  C:143CH         LINE#         104
  -------         ENDPROC       UART0INIT
  -------         PROC          TIMER0INIT
  C:143DH         LINE#         105
  C:143DH         LINE#         106
  C:143DH         LINE#         108
  C:1440H         LINE#         109
  C:1443H         LINE#         110
  C:1446H         LINE#         111
  C:1448H         LINE#         112
  C:144AH         LINE#         115
  -------         ENDPROC       TIMER0INIT
  -------         PROC          DISPLAY_NOW_DATE
  -------         DO            
  D:0044H         SYMBOL        str
  -------         ENDDO         
  C:0B68H         LINE#         116
  C:0B68H         LINE#         117
  C:0B7BH         LINE#         118
  C:0B87H         LINE#         120
  C:0B9FH         LINE#         121
  C:0BACH         LINE#         122
  C:0BB9H         LINE#         124
  C:0BD1H         LINE#         125
  C:0BDEH         LINE#         126
  C:0BEBH         LINE#         128
  C:0C03H         LINE#         129
  C:0C10H         LINE#         130
  C:0C1DH         LINE#         132
  C:0C35H         LINE#         133
  C:0C42H         LINE#         134
  C:0C4FH         LINE#         137
  C:0C67H         LINE#         138
  C:0C74H         LINE#         139
  C:0C81H         LINE#         141
  C:0C99H         LINE#         142
  C:0CA6H         LINE#         143
BL51 BANKED LINKER/LOCATER V6.22.2.0                                                  01/30/2021  00:04:31  PAGE 7


  C:0CB3H         LINE#         145
  C:0CCBH         LINE#         146
  C:0CD8H         LINE#         147
  -------         ENDPROC       DISPLAY_NOW_DATE
  -------         PROC          CHANGE_NOW_DATE_TIME
  C:0CE5H         LINE#         151
  C:0CE5H         LINE#         152
  C:0CF0H         LINE#         153
  C:0CF8H         LINE#         154
  C:0D02H         LINE#         155
  C:0D06H         LINE#         156
  C:0D06H         LINE#         157
  C:0D17H         LINE#         158
  C:0D1FH         LINE#         159
  C:0D2FH         LINE#         160
  C:0D33H         LINE#         161
  C:0D33H         LINE#         162
  C:0D4AH         LINE#         163
  C:0D52H         LINE#         164
  C:0D68H         LINE#         165
  C:0D6CH         LINE#         166
  C:0D6CH         LINE#         167
  C:0D89H         LINE#         168
  C:0D91H         LINE#         169
  C:0DAFH         LINE#         170
  C:0DB5H         LINE#         171
  C:0DB5H         LINE#         172
  C:0DDAH         LINE#         173
  C:0DE2H         LINE#         174
  C:0E06H         LINE#         175
  C:0E0BH         LINE#         176
  C:0E0BH         LINE#         177
  C:0E2DH         LINE#         178
  C:0E35H         LINE#         179
  C:0E35H         LINE#         181
  -------         ENDPROC       CHANGE_NOW_DATE_TIME
  -------         PROC          UPDATE_TODAY
  C:0E36H         LINE#         184
  C:0E36H         LINE#         185
  C:0E51H         LINE#         186
  C:0E64H         LINE#         187
  C:0EE4H         LINE#         188
  C:0EE6H         LINE#         189
  C:0F62H         LINE#         190
  C:0F62H         LINE#         191
  C:0F62H         LINE#         192
  -------         ENDPROC       UPDATE_TODAY
  -------         ENDMOD        MAIN

  -------         MODULE        LCD
  C:0000H         SYMBOL        _ICE_DUMMY_
  D:0080H         PUBLIC        P0
  D:0090H         PUBLIC        P1
  D:00A0H         PUBLIC        P2
  D:00B0H         PUBLIC        P3
  D:00A8H         PUBLIC        IE
  C:13A8H         PUBLIC        _delay
BL51 BANKED LINKER/LOCATER V6.22.2.0                                                  01/30/2021  00:04:31  PAGE 8


  D:00B8H         PUBLIC        IP
  B:00A0H.3       PUBLIC        LCD_PSB
  D:0098H         PUBLIC        SCON
  D:0088H         PUBLIC        TCON
  C:13C9H         PUBLIC        _lcd_wcmd
  C:13E5H         PUBLIC        _lcd_wdat
  B:00A0H.2       PUBLIC        LCD_EN
  C:1358H         PUBLIC        lcd_init
  C:137EH         PUBLIC        _printf_str
  B:00A0H.0       PUBLIC        LCD_RS
  C:1416H         PUBLIC        lcd_busy
  B:00A0H.1       PUBLIC        LCD_RW
  D:00C8H         PUBLIC        T2CON
  C:1305H         PUBLIC        _lcd_pos
  D:00D0H         PUBLIC        PSW
  C:13A4H         SYMBOL        L?0028
  -------         PROC          L?0027
  -------         ENDPROC       L?0027
  C:13A4H         SYMBOL        L?0028
  -------         PROC          _DELAY
  D:0006H         SYMBOL        ms
  -------         DO            
  D:0044H         SYMBOL        i
  -------         ENDDO         
  C:13A8H         LINE#         11
  C:13A8H         LINE#         12
  C:13A8H         LINE#         13
  C:13B2H         LINE#         14
  C:13B2H         LINE#         16
  C:13C0H         LINE#         17
  C:13C0H         LINE#         18
  C:13C1H         LINE#         19
  C:13C2H         LINE#         20
  C:13C3H         LINE#         21
  C:13C4H         LINE#         22
  C:13C8H         LINE#         23
  C:13C8H         LINE#         24
  -------         ENDPROC       _DELAY
  -------         PROC          LCD_BUSY
  -------         DO            
  B:0020H.0       SYMBOL        result
  -------         ENDDO         
  C:1416H         LINE#         26
  C:1416H         LINE#         27
  C:1416H         LINE#         29
  C:1418H         LINE#         30
  C:141AH         LINE#         31
  C:141CH         LINE#         32
  C:1420H         LINE#         33
  C:1425H         LINE#         34
  C:1427H         LINE#         35
  C:1429H         LINE#         36
  -------         ENDPROC       LCD_BUSY
  -------         PROC          _LCD_WCMD
  D:0007H         SYMBOL        cmd
  C:13C9H         LINE#         38
  C:13C9H         LINE#         39
BL51 BANKED LINKER/LOCATER V6.22.2.0                                                  01/30/2021  00:04:31  PAGE 9


  C:13C9H         LINE#         40
  C:13CEH         LINE#         41
  C:13D0H         LINE#         42
  C:13D2H         LINE#         43
  C:13D4H         LINE#         44
  C:13D5H         LINE#         45
  C:13D6H         LINE#         46
  C:13D8H         LINE#         47
  C:13DCH         LINE#         48
  C:13DEH         LINE#         49
  C:13E2H         LINE#         50
  C:13E4H         LINE#         51
  -------         ENDPROC       _LCD_WCMD
  -------         PROC          _LCD_WDAT
  D:0007H         SYMBOL        dat
  C:13E5H         LINE#         53
  C:13E5H         LINE#         54
  C:13E5H         LINE#         55
  C:13EAH         LINE#         56
  C:13ECH         LINE#         57
  C:13EEH         LINE#         58
  C:13F0H         LINE#         59
  C:13F2H         LINE#         60
  C:13F6H         LINE#         61
  C:13F8H         LINE#         62
  C:13FCH         LINE#         63
  C:13FEH         LINE#         64
  -------         ENDPROC       _LCD_WDAT
  -------         PROC          LCD_INIT
  C:1358H         LINE#         66
  C:1358H         LINE#         67
  C:1358H         LINE#         69
  C:135AH         LINE#         71
  C:135FH         LINE#         72
  C:1362H         LINE#         73
  C:1367H         LINE#         74
  C:136AH         LINE#         75
  C:136FH         LINE#         76
  C:1372H         LINE#         77
  C:1377H         LINE#         78
  -------         ENDPROC       LCD_INIT
  -------         PROC          _LCD_POS
  D:0007H         SYMBOL        X
  D:0005H         SYMBOL        Y
  -------         DO            
  D:0007H         SYMBOL        pos
  -------         ENDDO         
  C:1305H         LINE#         81
  C:1305H         LINE#         82
  C:1305H         LINE#         84
  C:130BH         LINE#         85
  C:130FH         LINE#         86
  C:1315H         LINE#         87
  C:1319H         LINE#         88
  C:131FH         LINE#         89
  C:1323H         LINE#         90
  C:1329H         LINE#         91
BL51 BANKED LINKER/LOCATER V6.22.2.0                                                  01/30/2021  00:04:31  PAGE 10


  C:132BH         LINE#         92
  C:132EH         LINE#         93
  -------         ENDPROC       _LCD_POS
  -------         PROC          _PRINTF_STR
  D:0007H         SYMBOL        x
  D:0005H         SYMBOL        y
  D:004EH         SYMBOL        p
  C:137EH         LINE#         95
  C:1384H         LINE#         96
  C:1387H         LINE#         97
  C:1393H         LINE#         98
  C:1393H         LINE#         99
  C:1396H         LINE#         100
  C:13A1H         LINE#         101
  C:13A3H         LINE#         102
  -------         ENDPROC       _PRINTF_STR
  -------         ENDMOD        LCD

  -------         MODULE        MENU
  C:0000H         SYMBOL        _ICE_DUMMY_
  D:0090H         PUBLIC        P1
  D:00B0H         PUBLIC        P3
  B:00A8H.7       PUBLIC        EA
  D:00A8H         PUBLIC        IE
  D:00B8H         PUBLIC        IP
  D:0022H         PUBLIC        star_postion
  C:09A4H         PUBLIC        beep_time
  B:00B0H.5       PUBLIC        key_break
  D:0098H         PUBLIC        SCON
  D:0088H         PUBLIC        TCON
  B:00B0H.3       PUBLIC        value_down
  B:00A8H.1       PUBLIC        ET0
  C:000EH         PUBLIC        set_date
  C:0F63H         PUBLIC        refresh_display
  C:1403H         PUBLIC        key_scan
  C:12D4H         PUBLIC        menu_list
  D:0023H         PUBLIC        str
  C:11CEH         PUBLIC        set_mounth_days
  C:144BH         PUBLIC        key_init
  B:00B0H.4       PUBLIC        value_up
  B:00B0H.2       PUBLIC        key_star
  D:002DH         PUBLIC        my_date
  D:00C8H         PUBLIC        T2CON
  D:003EH         PUBLIC        my_beep_time
  D:00D0H         PUBLIC        PSW
  -------         PROC          KEY_INIT
  C:144BH         LINE#         44
  C:144BH         LINE#         45
  C:144DH         LINE#         46
  C:144FH         LINE#         47
  C:1451H         LINE#         48
  C:1453H         LINE#         49
  -------         ENDPROC       KEY_INIT
  C:13FFH         SYMBOL        L?0153
  -------         PROC          L?0152
  -------         ENDPROC       L?0152
  C:13FFH         SYMBOL        L?0153
BL51 BANKED LINKER/LOCATER V6.22.2.0                                                  01/30/2021  00:04:31  PAGE 11


  -------         PROC          KEY_SCAN
  B:0020H.0       SYMBOL        key
  C:1403H         LINE#         50
  C:1403H         LINE#         51
  C:1406H         LINE#         52
  C:1406H         LINE#         54
  C:140DH         LINE#         55
  C:1410H         LINE#         56
  C:1413H         LINE#         57
  C:1413H         LINE#         58
  C:1415H         LINE#         59
  -------         ENDPROC       KEY_SCAN
  -------         PROC          REFRESH_DISPLAY
  C:0F63H         LINE#         60
  C:0F63H         LINE#         61
  C:0F7BH         LINE#         62
  C:0F88H         LINE#         63
  C:0FA0H         LINE#         64
  C:0FADH         LINE#         65
  C:0FC5H         LINE#         66
  C:0FD2H         LINE#         68
  C:0FEAH         LINE#         69
  C:0FF7H         LINE#         70
  C:100FH         LINE#         71
  C:101CH         LINE#         72
  C:1034H         LINE#         73
  -------         ENDPROC       REFRESH_DISPLAY
  -------         PROC          SET_MOUNTH_DAYS
  -------         DO            
  D:0007H         SYMBOL        mounth_flag
  -------         ENDDO         
  C:11CEH         LINE#         76
  C:11CEH         LINE#         82
  C:11D0H         LINE#         83
  C:11DBH         LINE#         84
  C:11E0H         LINE#         86
  C:11E1H         LINE#         87
  C:11EBH         LINE#         89
  C:11EDH         LINE#         90
  C:11EFH         LINE#         92
  C:11F1H         LINE#         93
  C:11F1H         LINE#         94
  C:11F3H         LINE#         95
  C:11F8H         LINE#         97
  C:11FAH         LINE#         98
  C:11FCH         LINE#         100
  C:11FEH         LINE#         101
  C:11FEH         LINE#         102
  C:11FEH         LINE#         103
  C:120AH         LINE#         104
  C:120AH         LINE#         105
  C:120AH         LINE#         107
  C:1210H         LINE#         108
  C:1211H         LINE#         109
  C:1211H         LINE#         111
  C:1217H         LINE#         113
  C:121CH         LINE#         114
BL51 BANKED LINKER/LOCATER V6.22.2.0                                                  01/30/2021  00:04:31  PAGE 12


  C:121DH         LINE#         116
  C:1223H         LINE#         117
  C:1223H         LINE#         118
  C:1224H         LINE#         119
  C:1224H         LINE#         121
  C:122AH         LINE#         122
  C:122AH         LINE#         123
  C:122AH         LINE#         124
  C:122AH         LINE#         125
  C:122AH         LINE#         126
  -------         ENDPROC       SET_MOUNTH_DAYS
  -------         PROC          SET_DATE
  C:000EH         LINE#         127
  C:000EH         LINE#         128
  C:001AH         LINE#         129
  C:0027H         LINE#         130
  C:003FH         LINE#         131
  C:004CH         LINE#         132
  C:0059H         LINE#         133
  C:0071H         LINE#         134
  C:007EH         LINE#         135
  C:008BH         LINE#         136
  C:00A3H         LINE#         137
  C:00B0H         LINE#         139
  C:00BDH         LINE#         140
  C:00D5H         LINE#         141
  C:00E2H         LINE#         142
  C:00EFH         LINE#         143
  C:0107H         LINE#         144
  C:0114H         LINE#         145
  C:0121H         LINE#         146
  C:0139H         LINE#         147
  C:0146H         LINE#         149
  C:0153H         LINE#         151
  C:0156H         LINE#         152
  C:0156H         LINE#         153
  C:0156H         LINE#         156
  C:0163H         LINE#         157
  C:016EH         LINE#         158
  C:0178H         LINE#         159
  C:0185H         LINE#         160
  C:0195H         LINE#         161
  C:0195H         LINE#         162
  C:01A3H         LINE#         163
  C:01A7H         LINE#         164
  C:01ADH         LINE#         165
  C:01B0H         LINE#         167
  C:01BBH         LINE#         168
  C:01C5H         LINE#         169
  C:01D2H         LINE#         170
  C:01E2H         LINE#         171
  C:01E2H         LINE#         172
  C:01E2H         LINE#         175
  C:01EBH         LINE#         176
  C:020DH         LINE#         177
  C:020DH         LINE#         179
  C:020DH         LINE#         181
BL51 BANKED LINKER/LOCATER V6.22.2.0                                                  01/30/2021  00:04:31  PAGE 13


  C:0215H         LINE#         186
  C:0236H         LINE#         187
  C:0239H         LINE#         188
  C:023CH         LINE#         189
  C:023FH         LINE#         190
  C:023FH         LINE#         191
  C:0242H         LINE#         192
  C:0242H         LINE#         194
  C:024AH         LINE#         195
  C:024FH         LINE#         196
  C:025CH         LINE#         197
  C:0264H         LINE#         198
  C:0264H         LINE#         200
  C:0267H         LINE#         201
  C:026AH         LINE#         202
  C:026AH         LINE#         205
  C:0274H         LINE#         206
  C:027AH         LINE#         207
  C:028BH         LINE#         208
  C:0293H         LINE#         209
  C:0293H         LINE#         210
  C:0296H         LINE#         212
  C:0296H         LINE#         214
  C:029EH         LINE#         215
  C:02A2H         LINE#         216
  C:02B3H         LINE#         217
  C:02BBH         LINE#         218
  C:02BBH         LINE#         219
  C:02BEH         LINE#         220
  C:02BEH         LINE#         222
  C:02C6H         LINE#         223
  C:02CAH         LINE#         224
  C:02D8H         LINE#         225
  C:02E0H         LINE#         226
  C:02E0H         LINE#         227
  C:02E3H         LINE#         228
  C:02E3H         LINE#         230
  C:02EBH         LINE#         231
  C:02EFH         LINE#         232
  C:02FDH         LINE#         233
  C:0305H         LINE#         234
  C:0305H         LINE#         235
  C:0305H         LINE#         236
  C:0305H         LINE#         237
  C:0305H         LINE#         238
  C:0305H         LINE#         239
  C:0305H         LINE#         240
  C:0315H         LINE#         241
  C:0337H         LINE#         242
  C:0337H         LINE#         243
  C:0337H         LINE#         245
  C:033DH         LINE#         246
  C:0343H         LINE#         247
  C:0345H         LINE#         248
  C:0345H         LINE#         249
  C:034DH         LINE#         250
  C:034DH         LINE#         251
BL51 BANKED LINKER/LOCATER V6.22.2.0                                                  01/30/2021  00:04:31  PAGE 14


  C:0370H         LINE#         252
  C:0373H         LINE#         253
  C:0376H         LINE#         254
  C:0379H         LINE#         255
  C:0379H         LINE#         256
  C:037CH         LINE#         257
  C:037CH         LINE#         258
  C:0384H         LINE#         259
  C:0389H         LINE#         260
  C:038BH         LINE#         261
  C:038BH         LINE#         262
  C:0393H         LINE#         263
  C:0393H         LINE#         264
  C:0396H         LINE#         265
  C:0398H         LINE#         266
  C:0398H         LINE#         267
  C:03A0H         LINE#         268
  C:03A6H         LINE#         269
  C:03A8H         LINE#         270
  C:03A8H         LINE#         271
  C:03B0H         LINE#         272
  C:03B0H         LINE#         273
  C:03B2H         LINE#         275
  C:03B2H         LINE#         277
  C:03BDH         LINE#         278
  C:03C5H         LINE#         279
  C:03CDH         LINE#         280
  C:03D2H         LINE#         281
  C:03D2H         LINE#         282
  C:03D4H         LINE#         283
  C:03D4H         LINE#         285
  C:03DFH         LINE#         286
  C:03E7H         LINE#         287
  C:03E9H         LINE#         288
  C:03EFH         LINE#         289
  C:03F4H         LINE#         290
  C:03F4H         LINE#         291
  C:03F6H         LINE#         292
  C:03F6H         LINE#         294
  C:0401H         LINE#         295
  C:0409H         LINE#         296
  C:0411H         LINE#         297
  C:0416H         LINE#         298
  C:0416H         LINE#         299
  C:0416H         LINE#         300
  C:0416H         LINE#         301
  C:0416H         LINE#         302
  C:0416H         LINE#         303
  C:0419H         LINE#         304
  C:0419H         LINE#         305
  C:0426H         LINE#         306
  C:0426H         LINE#         307
  C:0426H         LINE#         308
  C:0426H         LINE#         311
  -------         ENDPROC       SET_DATE
  -------         PROC          BEEP_TIME
  C:09A4H         LINE#         312
BL51 BANKED LINKER/LOCATER V6.22.2.0                                                  01/30/2021  00:04:31  PAGE 15


  C:09A4H         LINE#         313
  C:09B0H         LINE#         315
  C:09BDH         LINE#         316
  C:09D5H         LINE#         317
  C:09E2H         LINE#         318
  C:09EFH         LINE#         319
  C:0A07H         LINE#         320
  C:0A14H         LINE#         322
  C:0A17H         LINE#         323
  C:0A24H         LINE#         324
  C:0A24H         LINE#         325
  C:0A24H         LINE#         328
  C:0A2EH         LINE#         329
  C:0A3BH         LINE#         330
  C:0A44H         LINE#         331
  C:0A48H         LINE#         332
  C:0A4EH         LINE#         333
  C:0A51H         LINE#         334
  C:0A5EH         LINE#         335
  C:0A5EH         LINE#         337
  C:0A64H         LINE#         338
  C:0A6DH         LINE#         339
  C:0A6DH         LINE#         340
  C:0A6DH         LINE#         342
  C:0A75H         LINE#         343
  C:0A79H         LINE#         344
  C:0A87H         LINE#         345
  C:0A8FH         LINE#         346
  C:0A8FH         LINE#         347
  C:0A91H         LINE#         348
  C:0A91H         LINE#         350
  C:0A99H         LINE#         351
  C:0A9DH         LINE#         352
  C:0AAAH         LINE#         353
  C:0AB2H         LINE#         354
  C:0AB2H         LINE#         355
  C:0AB2H         LINE#         356
  C:0AB2H         LINE#         357
  C:0AB2H         LINE#         358
  C:0AB2H         LINE#         360
  C:0AB2H         LINE#         361
  C:0AB2H         LINE#         362
  C:0AB2H         LINE#         363
  C:0AB2H         LINE#         364
  C:0AC1H         LINE#         365
  C:0ACAH         LINE#         366
  C:0ACAH         LINE#         367
  C:0ACAH         LINE#         368
  C:0AD5H         LINE#         369
  C:0ADDH         LINE#         370
  C:0AE5H         LINE#         371
  C:0AEAH         LINE#         372
  C:0AEAH         LINE#         373
  C:0AECH         LINE#         374
  C:0AECH         LINE#         376
  C:0AF7H         LINE#         377
  C:0AFFH         LINE#         378
BL51 BANKED LINKER/LOCATER V6.22.2.0                                                  01/30/2021  00:04:31  PAGE 16


  C:0B01H         LINE#         379
  C:0B07H         LINE#         380
  C:0B0CH         LINE#         381
  C:0B0CH         LINE#         382
  C:0B0CH         LINE#         383
  C:0B0CH         LINE#         384
  C:0B0CH         LINE#         385
  C:0B0CH         LINE#         387
  C:0B24H         LINE#         388
  C:0B31H         LINE#         389
  C:0B49H         LINE#         390
  C:0B56H         LINE#         391
  C:0B56H         LINE#         392
  C:0B63H         LINE#         393
  C:0B63H         LINE#         394
  C:0B63H         LINE#         395
  C:0B63H         LINE#         396
  C:0B65H         LINE#         397
  C:0B67H         LINE#         398
  -------         ENDPROC       BEEP_TIME
  -------         PROC          MENU_LIST
  C:12D4H         LINE#         399
  C:12D4H         LINE#         400
  C:12DEH         LINE#         401
  C:12E0H         LINE#         402
  C:12E2H         LINE#         403
  C:12E7H         LINE#         404
  C:12EAH         LINE#         405
  C:12EFH         LINE#         408
  C:12F4H         LINE#         409
  C:12F7H         LINE#         410
  C:12FCH         LINE#         412
  C:1302H         LINE#         414
  C:1304H         LINE#         415
  C:1304H         LINE#         416
  -------         ENDPROC       MENU_LIST
  -------         ENDMOD        MENU

  -------         MODULE        ?C?COPY
  C:0853H         PUBLIC        ?C?COPY
  -------         ENDMOD        ?C?COPY

  -------         MODULE        ?C?CLDPTR
  C:0879H         PUBLIC        ?C?CLDPTR
  -------         ENDMOD        ?C?CLDPTR

  -------         MODULE        ?C?IMUL
  C:0892H         PUBLIC        ?C?IMUL
  -------         ENDMOD        ?C?IMUL

  -------         MODULE        ?C?UIDIV
  C:08A4H         PUBLIC        ?C?UIDIV
  -------         ENDMOD        ?C?UIDIV

  -------         MODULE        ?C?SIDIV
  C:08F9H         PUBLIC        ?C?SIDIV
  -------         ENDMOD        ?C?SIDIV
BL51 BANKED LINKER/LOCATER V6.22.2.0                                                  01/30/2021  00:04:31  PAGE 17



  -------         MODULE        PRINTF
  D:004EH         PUBLIC        ?_PRINTF517?BYTE
  D:004EH         PUBLIC        ?_PRINTF?BYTE
  D:004EH         PUBLIC        ?_SPRINTF517?BYTE
  D:004EH         PUBLIC        ?_SPRINTF?BYTE
  C:0489H         PUBLIC        _PRINTF
  C:0489H         PUBLIC        _PRINTF517
  C:0483H         PUBLIC        _SPRINTF
  C:0483H         PUBLIC        _SPRINTF517
  -------         ENDMOD        PRINTF

  -------         MODULE        ?C?CLDOPTR
  C:092FH         PUBLIC        ?C?CLDOPTR
  -------         ENDMOD        ?C?CLDOPTR

  -------         MODULE        ?C?CSTPTR
  C:095CH         PUBLIC        ?C?CSTPTR
  -------         ENDMOD        ?C?CSTPTR

  -------         MODULE        ?C?PLDIIDATA
  C:096EH         PUBLIC        ?C?PLDIIDATA
  -------         ENDMOD        ?C?PLDIIDATA

  -------         MODULE        ?C?CCASE
  C:097EH         PUBLIC        ?C?CCASE
  -------         ENDMOD        ?C?CCASE

  -------         MODULE        PUTCHAR
  C:1331H         PUBLIC        _PUTCHAR
  -------         ENDMOD        PUTCHAR

*** WARNING L16: UNCALLED SEGMENT, IGNORED FOR OVERLAY PROCESS
    SEGMENT: ?PR?UART0INIT?MAIN

Program Size: data=86.1 xdata=0 code=5196
LINK/LOCATE RUN COMPLETE.  1 WARNING(S),  0 ERROR(S)
