C51 COMPILER V9.59.0.0   MENU                                                              03/01/2021 22:52:20 PAGE 1   


C51 COMPILER V9.59.0.0, COMPILATION OF MODULE MENU
OBJECT MODULE PLACED IN .\Objects\menu.obj
COMPILER INVOKED BY: D:\MDK5anzhuangwenjianjia\C51\BIN\C51.EXE menu.c OPTIMIZE(8,SPEED) BROWSE DEBUG OBJECTEXTEND PRINT(
                    -.\Listings\menu.lst) OBJECT(.\Objects\menu.obj)

line level    source

   1          #include <intrins.h>
   2          #include <stdio.h>
   3          #include "lcd.h"
   4          #include "menu.h"
   5          
   6          // enum my_enum1{
   7          //     UP = 2, //
   8          //     DOWN = 3 //
   9          // };
  10          
  11          struct date my_date = {
  12              /*  
  13                  闰年：是4的倍数而不是100的倍数 或是400的倍数
  14                  闰年2月29天 平年2月28天
  15               */
  16              2021, // 2020为闰年
  17              1,
  18              29,
  19                  
  20              23,
  21              59,
  22              53,
  23                  
  24              0, // is_leap_year = 1
  25              31, // 闰年2月29天
  26          
  27              5 // 2021-01-29 为周5
  28          
  29          };
  30          struct beep_time my_beep_time = {
  31                  0,
  32                  1,
  33              0, // is_beeping = 0;
  34              0 //整点:on_the_hour = 1
  35          };
  36          sbit key_break = P3^5;
  37          sbit value_up = P3^4;
  38          sbit value_down = P3^3;
  39          sbit key_star = P3^2;
  40          
  41          char str[10] = " ";
  42          uint8_t star_postion = 1;
  43          
  44          void key_init(){
  45   1          key_break = 1;
  46   1          value_up = 1;
  47   1          value_down = 1;
  48   1          key_star = 1;
  49   1      }
  50          uint8_t key_scan(bit key){
  51   1          if (key == 0)
  52   1          {
  53   2              /* code */
  54   2              delay(80);
C51 COMPILER V9.59.0.0   MENU                                                              03/01/2021 22:52:20 PAGE 2   

  55   2              if(key == 0)
  56   2                  return 0;
  57   2          }
  58   1          return 1;
  59   1      }
  60          void refresh_display(void){
  61   1          sprintf(str, "%04d", my_date.year);
  62   1          printf_str(1, 1, str);
  63   1          sprintf(str, "%02d", my_date.mounth);
  64   1          printf_str(2, 1, str);
  65   1          sprintf(str, "%02d", my_date.day);
  66   1          printf_str(3, 1, str);
  67   1      
  68   1          sprintf(str, "%02d", my_date.hour);
  69   1          printf_str(1, 5, str);
  70   1          sprintf(str, "%02d", my_date.minute);
  71   1          printf_str(2, 5, str);
  72   1          sprintf(str, "%02d", my_date.second);
  73   1          printf_str(3, 5, str);
  74   1      }
  75          /* 月份天数判断 */
  76          void set_mounth_days(void){
  77   1          /* 
  78   1              mounth_flag = 1: 大月 1 3 5 7 8 10 12
  79   1              2：2月 
  80   1              3：小月 4 6 9 11
  81   1           */
  82   1          uint8_t mounth_flag = 0;
  83   1          if(my_date.mounth <= 7){
  84   2              if(my_date.mounth % 2 == 1){
  85   3                  /* 大月 */
  86   3                  mounth_flag = 1;
  87   3              } else if(my_date.mounth == 2) {
  88   3                  /* 二月 */
  89   3                  mounth_flag = 2;
  90   3              } else {
  91   3                  /* 小月 */
  92   3                  mounth_flag = 3;
  93   3              }
  94   2          } else {
  95   2              if(my_date.mounth % 2 == 1){
  96   3                  /* 小月 */
  97   3                  mounth_flag = 3;
  98   3              } else {
  99   3                  /* 大月 */
 100   3                  mounth_flag = 1;
 101   3              }
 102   2          }
 103   1          switch (mounth_flag)
 104   1          {
 105   2              case 1:
 106   2              /* 大月 */
 107   2                  my_date.mounth_days = 31;
 108   2                  break;
 109   2              case 2:
 110   2              /* 二月 */
 111   2              if(my_date.is_leap_year == 1){ //闰年2月29天 平年2月28天
 112   3                  /* 闰年 */
 113   3                  my_date.mounth_days = 29;
 114   3              } else {
 115   3                  /* 平年 */
 116   3                  my_date.mounth_days = 28;
C51 COMPILER V9.59.0.0   MENU                                                              03/01/2021 22:52:20 PAGE 3   

 117   3              }
 118   2                  break;
 119   2              case 3:
 120   2              /* 小月 */
 121   2                  my_date.mounth_days = 30;
 122   2                  break;
 123   2              default:
 124   2                  break;
 125   2          }
 126   1      }
 127          void set_date(void){
 128   1              printf_str(0, 0, "修改时间");
 129   1          printf_str(1, 0, "年");
 130   1          sprintf(str, "%04d", my_date.year);
 131   1          printf_str(1, 1, str);
 132   1          printf_str(2, 0, "月");
 133   1          sprintf(str, "%02d", my_date.mounth);
 134   1          printf_str(2, 1, str);
 135   1          printf_str(3, 0, "日");
 136   1          sprintf(str, "%02d", my_date.day);
 137   1          printf_str(3, 1, str);
 138   1              
 139   1          printf_str(1, 4, "时");
 140   1          sprintf(str, "%02d", my_date.hour);
 141   1          printf_str(1, 5, str);
 142   1          printf_str(2, 4, "分");
 143   1          sprintf(str, "%02d", my_date.minute);
 144   1          printf_str(2, 5, str);
 145   1          printf_str(3, 4, "秒");
 146   1          sprintf(str, "%02d", my_date.second);
 147   1          printf_str(3, 5, str);
 148   1              
 149   1              printf_str(star_postion, 3, "*");
 150   1              
 151   1              star_postion = 1;
 152   1          while (1)
 153   1          {
 154   2              /* code */
 155   2              /* 改star * 的位置 */
 156   2              if (key_scan(key_star) == 0){
 157   3                  if(star_postion <= 3){
 158   4                      printf_str(star_postion, 3, " ");
 159   4                  } else if(star_postion >= 4){
 160   4                      printf_str(star_postion-3, 6, " ");
 161   4                  }
 162   3                  if (star_postion < 6)
 163   3                      star_postion ++;
 164   3                              else if (star_postion == 6)
 165   3                      star_postion = 1;
 166   3                  //printf_str(star_postion, 3, "*");
 167   3                  if(star_postion <= 3){
 168   4                      printf_str(star_postion, 3, "*");
 169   4                  } else if(star_postion >= 4){
 170   4                      printf_str(star_postion-3, 6, "*");
 171   4                  }
 172   3              }
 173   2              /*  
 174   2                  闰年：是4的倍数而不是100的倍数 或是400的倍数
 175   2                  闰年2月29天 平年2月28天
 176   2              */
 177   2              if((my_date.year%4 == 0 && my_date.year%100 != 0)|| my_date.year%400 == 0){
 178   3                  my_date.is_leap_year = 1;
C51 COMPILER V9.59.0.0   MENU                                                              03/01/2021 22:52:20 PAGE 4   

 179   3              } else {
 180   3                  my_date.is_leap_year =0;
 181   3              }
 182   2              /* 对月份进行判断，确定每月的天数 */
 183   2              set_mounth_days();
 184   2      
 185   2              /* 改年月日 时分秒数值 */
 186   2              if (key_scan(value_up) == 0){
 187   3                  switch (star_postion)
 188   3                  {
 189   4                      /* 年月日 */
 190   4                      case 1:
 191   4                          /* year */
 192   4                          my_date.year ++;
 193   4                          break;
 194   4                      case 2:
 195   4                          /* mounth */
 196   4                          if(my_date.mounth == 12){
 197   5                              my_date.mounth = 1;
 198   5                          } else if(my_date.mounth < 12){
 199   5                              my_date.mounth ++;
 200   5                          }
 201   4                          break;
 202   4                      case 3:
 203   4                          /* day */
 204   4                          
 205   4                          if(my_date.day == my_date.mounth_days){
 206   5                              my_date.day = 1;
 207   5                          } else if(my_date.day < my_date.mounth_days){
 208   5                              my_date.day ++;
 209   5                          }
 210   4                          break;
 211   4                      /* 时分秒 */
 212   4                      case 4:
 213   4                          /* hour */
 214   4                          if(my_date.hour == 23){
 215   5                              my_date.hour = 0;
 216   5                          } else if(my_date.hour < 23){
 217   5                              my_date.hour ++;
 218   5                          }
 219   4                          break;
 220   4                      case 5:
 221   4                          /* minute */
 222   4                          if(my_date.minute == 59){
 223   5                              my_date.minute = 0;
 224   5                          } else if(my_date.minute < 59){
 225   5                              my_date.minute ++;
 226   5                          }
 227   4                          break;
 228   4                      case 6:
 229   4                          /* second */
 230   4                          if(my_date.second == 59){
 231   5                              my_date.second = 0;
 232   5                          } else if(my_date.second < 59){
 233   5                              my_date.second ++;
 234   5                          }
 235   4                          break;
 236   4                      default:
 237   4                          break;
 238   4                  }
 239   3                  refresh_display();
 240   3              } else if(key_scan(value_down) == 0){
C51 COMPILER V9.59.0.0   MENU                                                              03/01/2021 22:52:20 PAGE 5   

 241   3                  switch (star_postion)
 242   3                  {
 243   4                      case 1:
 244   4                          /* code */
 245   4                          if(my_date.year == 0){
 246   5                              my_date.year = 2020;
 247   5                          }
 248   4                          else{
 249   5                              my_date.year --;
 250   5                          }
 251   4                          break;
 252   4                      case 2:
 253   4                          if(my_date.mounth == 1){
 254   5                              my_date.mounth = 12;
 255   5                          }
 256   4                          else{
 257   5                              my_date.mounth --;
 258   5                          }
 259   4                          break;
 260   4                      case 3:
 261   4                          if(my_date.day == 1){
 262   5                              my_date.day = my_date.mounth_days;
 263   5                          }
 264   4                          else{
 265   5                              my_date.day --;
 266   5                          }
 267   4                          break;
 268   4                          /* 时分秒 */
 269   4                      case 4:
 270   4                          /* hour */
 271   4                          if(my_date.hour > 0){
 272   5                              my_date.hour --;
 273   5                          } else if(my_date.hour == 0){
 274   5                              my_date.hour = 23;
 275   5                          }
 276   4                          break;
 277   4                      case 5:
 278   4                          /* minute */
 279   4                          if(my_date.minute > 0){
 280   5                              my_date.minute --;
 281   5                          }
 282   4                          else if(my_date.minute == 0){
 283   5                              my_date.minute = 59;
 284   5                          } 
 285   4                          break;
 286   4                      case 6:
 287   4                          /* second */
 288   4                          if(my_date.second > 0){
 289   5                              my_date.second --;
 290   5                          } else if(my_date.second == 0){
 291   5                              my_date.second = 59;
 292   5                          }
 293   4                          break;
 294   4                      default:
 295   4                          break;
 296   4                  }
 297   3                  refresh_display();
 298   3              }
 299   2             if (key_scan(key_break) == 0){
 300   3                 break;
 301   3             }
 302   2          }
C51 COMPILER V9.59.0.0   MENU                                                              03/01/2021 22:52:20 PAGE 6   

 303   1              // ET0 = 1; //enable timer1 interrupt
 304   1          // EA = 1; //open global interrupt switch
 305   1      }
 306          void beep_time(){
 307   1          printf_str(0, 0, "定时设置");
 308   1          
 309   1          printf_str(1, 2, "时");
 310   1          sprintf(str, "%02d", my_beep_time.hour);
 311   1          printf_str(1, 5, str);
 312   1          printf_str(2, 2, "分");
 313   1          sprintf(str, "%02d", my_beep_time.minute);
 314   1          printf_str(2, 5, str);
 315   1              
 316   1              star_postion = 1;
 317   1          printf_str(star_postion, 6, "*");
 318   1          while (1)
 319   1          {
 320   2              /* code */
 321   2                      /* 改star * 的位置 */
 322   2              if (key_scan(key_star) == 0){
 323   3                  printf_str(star_postion, 6, " ");
 324   3                  if (star_postion == 1)
 325   3                      star_postion ++;
 326   3                              else if (star_postion == 2)
 327   3                      star_postion = 1;
 328   3                  printf_str(star_postion, 6, "*");
 329   3              }
 330   2              /* 改值 */
 331   2              if (key_scan(value_up) == 0){
 332   3                  switch (star_postion)
 333   3                  {
 334   4                      case 1:
 335   4                          /* hour */
 336   4                          if(my_beep_time.hour == 23){
 337   5                              my_beep_time.hour = 0;
 338   5                          } else if(my_beep_time.hour < 23){
 339   5                              my_beep_time.hour ++;
 340   5                          }
 341   4                          break;
 342   4                      case 2:
 343   4                      /* minute */
 344   4                          if(my_beep_time.minute == 59){
 345   5                              my_beep_time.minute = 0;
 346   5                          } else if(my_beep_time.minute < 59){
 347   5                              my_beep_time.minute ++;
 348   5                          }
 349   4                          break;
 350   4                      default:
 351   4                          break;
 352   4                  }
 353   3                  /*  */
 354   3                  sprintf(str, "%02d", my_beep_time.hour);
 355   3                  printf_str(1, 5, str);
 356   3                  sprintf(str, "%02d", my_beep_time.minute);
 357   3                  printf_str(2, 5, str);
 358   3              } else if(key_scan(value_down) == 0) {
 359   3                  switch (star_postion)
 360   3                  {
 361   4                      case 1:
 362   4                          if(my_beep_time.hour > 0){
 363   5                              my_beep_time.hour --;
 364   5                          } else if(my_beep_time.hour == 0){
C51 COMPILER V9.59.0.0   MENU                                                              03/01/2021 22:52:20 PAGE 7   

 365   5                              my_beep_time.hour = 23;
 366   5                          }
 367   4                          break;
 368   4                      case 2:
 369   4                          /* minute */
 370   4                          if(my_beep_time.minute > 0){
 371   5                              my_beep_time.minute --;
 372   5                          }
 373   4                          else if(my_beep_time.minute == 0){
 374   5                              my_beep_time.minute = 59;
 375   5                          } 
 376   4                          break;
 377   4                      default:
 378   4                          break;
 379   4                  }
 380   3                  /*  */
 381   3                  sprintf(str, "%02d", my_beep_time.hour);
 382   3                  printf_str(1, 5, str);
 383   3                  sprintf(str, "%02d", my_beep_time.minute);
 384   3                  printf_str(2, 5, str);
 385   3              }
 386   2              if (key_scan(key_break) == 0){
 387   3                 break;
 388   3             }
 389   2          }
 390   1              ET0 = 1; //enable timer1 interrupt
 391   1          EA = 1; //open global interrupt switch
 392   1      }
 393          void menu_list(){
 394   1          if(key_scan(key_break) == 0){
 395   2                  ET0 = 0;        //enable timer1 interrupt
 396   2                              EA = 0;          //open global interrupt switch
 397   2                              lcd_wcmd(0x01);      //清除LCD的显示内容
 398   2                  set_date();
 399   2                              lcd_wcmd(0x01);      //清除LCD的显示内容
 400   2                  
 401   2                  /* 定时函数 */
 402   2                  lcd_wcmd(0x01);      //清除LCD的显示内容
 403   2                  beep_time();
 404   2                  lcd_wcmd(0x01);      //清除LCD的显示内容
 405   2                  //printf_str(0, 2, "当前日期时间");
 406   2                              update_today();
 407   2          } else if(key_scan(value_up) == 0){
 408   2              /* 第二个按键按下时beep停止 */
 409   2              my_beep_time.is_beeping = 0;
 410   2          }
 411   1          
 412   1      }
 413          
 414          /* 更新周几 使用基姆拉尔森计算公式 Week=(d+2*m+3*(m+1)/5+y+y/4-y/100+y/400)%7 */
 415          void update_today(){
 416   1          if(my_date.mounth == 1 || my_date.mounth == 2){
 417   2              my_date.which_day = (my_date.day+2*(my_date.mounth+12)+3*(my_date.mounth+12+1)/5+my_date.year-1+(m
             -y_date.year-1)/4-(my_date.year-1)/100+(my_date.year-1)/400+1)%7;
 418   2          } else {
 419   2              my_date.which_day = (my_date.day+2*my_date.mounth+3*(my_date.mounth+1)/5+my_date.year+my_date.year
             -/4-my_date.year/100+my_date.year/400+1)%7;
 420   2          }
 421   1      }
 422          
 423          

C51 COMPILER V9.59.0.0   MENU                                                              03/01/2021 22:52:20 PAGE 8   


MODULE INFORMATION:   STATIC OVERLAYABLE
   CODE SIZE        =   2128    ----
   CONSTANT SIZE    =     50    ----
   XDATA SIZE       =   ----    ----
   PDATA SIZE       =   ----    ----
   DATA SIZE        =     34    ----
   IDATA SIZE       =   ----    ----
   BIT SIZE         =   ----       1
END OF MODULE INFORMATION.


C51 COMPILATION COMPLETE.  0 WARNING(S),  0 ERROR(S)
